Error: car: expected pair as argument 1 but received 17
